// Jest Snapshot v1, https://goo.gl/fbAQLP

exports[`Navigation renders correctly 1`] = `
<ul
  className="sc-bdVaJa hTzUzq"
/>
`;

exports[`Navigation with some navigation 1`] = `
<ul
  className="sc-bdVaJa hTzUzq"
>
  <li
    className="sc-bwzfXH dmRCrB"
  >
    <a
      href="/en"
      hrefLang="en"
      lang="en"
      onClick={[Function]}
      onMouseEnter={[Function]}
    >
      English version
    </a>
  </li>
  <li
    className="sc-bwzfXH dmRCrB"
  >
    <a
      aria-current="page"
      className=""
      href="/"
      onClick={[Function]}
      onMouseEnter={[Function]}
      style={Object {}}
    >
      Basic version
    </a>
  </li>
</ul>
`;
